// Jest Snapshot v1, https://goo.gl/fbAQLP

exports[`URLTable should render component 1`] = `
Object {
  "asFragment": [Function],
  "baseElement": <body>
    <div>
      <div
        class="card"
      >
        <div
          class="UrlTableHeader card-title h5"
        >
          Your URLs
        </div>
        <div
          class="card-body"
        >
          <table
            class="table table-striped table-bordered table-hover"
          >
            <thead>
              <tr>
                <th>
                  Long Url
                </th>
                <th>
                  Short Url
                </th>
                <th>
                  Slug
                </th>
                <th />
              </tr>
            </thead>
            <tbody>
              <tr>
                <td>
                  fdsafs
                </td>
                <td>
                  http://bely.me/shorter
                </td>
                <td>
                  shorter
                </td>
                <td>
                  <button
                    class="btn btn-secondary"
                    type="button"
                  >
                    Delete
                  </button>
                </td>
              </tr>
              <tr>
                <td>
                  asdfasdf
                </td>
                <td>
                  http://bely.me/s
                </td>
                <td>
                  s
                </td>
                <td>
                  <button
                    class="btn btn-secondary"
                    type="button"
                  >
                    Delete
                  </button>
                </td>
              </tr>
              <tr>
                <td>
                  asdfdsafdsa
                </td>
                <td>
                  http://bely.me/tewrewfsdaf
                </td>
                <td>
                  tewrewfsdaf
                </td>
                <td>
                  <button
                    class="btn btn-secondary"
                    type="button"
                  >
                    Delete
                  </button>
                </td>
              </tr>
              <tr>
                <td>
                  fdsafsdafdas
                </td>
                <td>
                  http://bely.me/dfasdfsdafsdafsdafd
                </td>
                <td>
                  dfasdfsdafsdafsdafd
                </td>
                <td>
                  <button
                    class="btn btn-secondary"
                    type="button"
                  >
                    Delete
                  </button>
                </td>
              </tr>
              <tr>
                <td>
                  fdsacdsacdasc
                </td>
                <td>
                  http://bely.me/cdsacdsacd
                </td>
                <td>
                  cdsacdsacd
                </td>
                <td>
                  <button
                    class="btn btn-secondary"
                    type="button"
                  >
                    Delete
                  </button>
                </td>
              </tr>
              <tr>
                <td>
                  asdfdsfasdcdasc
                </td>
                <td>
                  http://bely.me/dcasddfsdafdsaf
                </td>
                <td>
                  dcasddfsdafdsaf
                </td>
                <td>
                  <button
                    class="btn btn-secondary"
                    type="button"
                  >
                    Delete
                  </button>
                </td>
              </tr>
            </tbody>
          </table>
        </div>
      </div>
    </div>
  </body>,
  "container": <div>
    <div
      class="card"
    >
      <div
        class="UrlTableHeader card-title h5"
      >
        Your URLs
      </div>
      <div
        class="card-body"
      >
        <table
          class="table table-striped table-bordered table-hover"
        >
          <thead>
            <tr>
              <th>
                Long Url
              </th>
              <th>
                Short Url
              </th>
              <th>
                Slug
              </th>
              <th />
            </tr>
          </thead>
          <tbody>
            <tr>
              <td>
                fdsafs
              </td>
              <td>
                http://bely.me/shorter
              </td>
              <td>
                shorter
              </td>
              <td>
                <button
                  class="btn btn-secondary"
                  type="button"
                >
                  Delete
                </button>
              </td>
            </tr>
            <tr>
              <td>
                asdfasdf
              </td>
              <td>
                http://bely.me/s
              </td>
              <td>
                s
              </td>
              <td>
                <button
                  class="btn btn-secondary"
                  type="button"
                >
                  Delete
                </button>
              </td>
            </tr>
            <tr>
              <td>
                asdfdsafdsa
              </td>
              <td>
                http://bely.me/tewrewfsdaf
              </td>
              <td>
                tewrewfsdaf
              </td>
              <td>
                <button
                  class="btn btn-secondary"
                  type="button"
                >
                  Delete
                </button>
              </td>
            </tr>
            <tr>
              <td>
                fdsafsdafdas
              </td>
              <td>
                http://bely.me/dfasdfsdafsdafsdafd
              </td>
              <td>
                dfasdfsdafsdafsdafd
              </td>
              <td>
                <button
                  class="btn btn-secondary"
                  type="button"
                >
                  Delete
                </button>
              </td>
            </tr>
            <tr>
              <td>
                fdsacdsacdasc
              </td>
              <td>
                http://bely.me/cdsacdsacd
              </td>
              <td>
                cdsacdsacd
              </td>
              <td>
                <button
                  class="btn btn-secondary"
                  type="button"
                >
                  Delete
                </button>
              </td>
            </tr>
            <tr>
              <td>
                asdfdsfasdcdasc
              </td>
              <td>
                http://bely.me/dcasddfsdafdsaf
              </td>
              <td>
                dcasddfsdafdsaf
              </td>
              <td>
                <button
                  class="btn btn-secondary"
                  type="button"
                >
                  Delete
                </button>
              </td>
            </tr>
          </tbody>
        </table>
      </div>
    </div>
  </div>,
  "debug": [Function],
  "findAllByAltText": [Function],
  "findAllByDisplayValue": [Function],
  "findAllByLabelText": [Function],
  "findAllByPlaceholderText": [Function],
  "findAllByRole": [Function],
  "findAllByTestId": [Function],
  "findAllByText": [Function],
  "findAllByTitle": [Function],
  "findByAltText": [Function],
  "findByDisplayValue": [Function],
  "findByLabelText": [Function],
  "findByPlaceholderText": [Function],
  "findByRole": [Function],
  "findByTestId": [Function],
  "findByText": [Function],
  "findByTitle": [Function],
  "getAllByAltText": [Function],
  "getAllByDisplayValue": [Function],
  "getAllByLabelText": [Function],
  "getAllByPlaceholderText": [Function],
  "getAllByRole": [Function],
  "getAllByTestId": [Function],
  "getAllByText": [Function],
  "getAllByTitle": [Function],
  "getByAltText": [Function],
  "getByDisplayValue": [Function],
  "getByLabelText": [Function],
  "getByPlaceholderText": [Function],
  "getByRole": [Function],
  "getByTestId": [Function],
  "getByText": [Function],
  "getByTitle": [Function],
  "queryAllByAltText": [Function],
  "queryAllByDisplayValue": [Function],
  "queryAllByLabelText": [Function],
  "queryAllByPlaceholderText": [Function],
  "queryAllByRole": [Function],
  "queryAllByTestId": [Function],
  "queryAllByText": [Function],
  "queryAllByTitle": [Function],
  "queryByAltText": [Function],
  "queryByDisplayValue": [Function],
  "queryByLabelText": [Function],
  "queryByPlaceholderText": [Function],
  "queryByRole": [Function],
  "queryByTestId": [Function],
  "queryByText": [Function],
  "queryByTitle": [Function],
  "rerender": [Function],
  "unmount": [Function],
}
`;
