// Jest Snapshot v1, https://goo.gl/fbAQLP

exports[`URLShortenerForm URLShortenerForm success should render component as expected 1`] = `
Object {
  "asFragment": [Function],
  "baseElement": <body>
    <div>
      <div
        class="card"
      >
        <div
          class="ShortenUrlTitle card-title h5"
        >
          Shorten Your URL
        </div>
        <div
          class="card-body"
        >
          <form
            class=""
          >
            <div
              class="mb-3"
            >
              <label
                class="form-label"
              >
                Long URL
              </label>
              <input
                class="form-control"
                data-testid="LongUrlInput"
                placeholder="Long URL"
                required=""
                type="text"
              />
            </div>
            <div
              class="mb-3"
            >
              <label
                class="form-label"
              >
                Short URL
              </label>
              <input
                class="form-control"
                data-testid="ShortUrlInput"
                placeholder="Short URL"
                required=""
                type="text"
              />
            </div>
            <div
              class="mb-3"
            >
              <label
                class="form-label"
              >
                Slug
              </label>
              <input
                class="form-control"
                data-testid="SlugInput"
                placeholder="Slug (optional)"
                type="text"
              />
            </div>
            <div
              class="d-grid"
            >
              <button
                class="btn btn-primary"
                type="submit"
              >
                Submit
              </button>
            </div>
          </form>
        </div>
      </div>
    </div>
  </body>,
  "container": <div>
    <div
      class="card"
    >
      <div
        class="ShortenUrlTitle card-title h5"
      >
        Shorten Your URL
      </div>
      <div
        class="card-body"
      >
        <form
          class=""
        >
          <div
            class="mb-3"
          >
            <label
              class="form-label"
            >
              Long URL
            </label>
            <input
              class="form-control"
              data-testid="LongUrlInput"
              placeholder="Long URL"
              required=""
              type="text"
            />
          </div>
          <div
            class="mb-3"
          >
            <label
              class="form-label"
            >
              Short URL
            </label>
            <input
              class="form-control"
              data-testid="ShortUrlInput"
              placeholder="Short URL"
              required=""
              type="text"
            />
          </div>
          <div
            class="mb-3"
          >
            <label
              class="form-label"
            >
              Slug
            </label>
            <input
              class="form-control"
              data-testid="SlugInput"
              placeholder="Slug (optional)"
              type="text"
            />
          </div>
          <div
            class="d-grid"
          >
            <button
              class="btn btn-primary"
              type="submit"
            >
              Submit
            </button>
          </div>
        </form>
      </div>
    </div>
  </div>,
  "debug": [Function],
  "findAllByAltText": [Function],
  "findAllByDisplayValue": [Function],
  "findAllByLabelText": [Function],
  "findAllByPlaceholderText": [Function],
  "findAllByRole": [Function],
  "findAllByTestId": [Function],
  "findAllByText": [Function],
  "findAllByTitle": [Function],
  "findByAltText": [Function],
  "findByDisplayValue": [Function],
  "findByLabelText": [Function],
  "findByPlaceholderText": [Function],
  "findByRole": [Function],
  "findByTestId": [Function],
  "findByText": [Function],
  "findByTitle": [Function],
  "getAllByAltText": [Function],
  "getAllByDisplayValue": [Function],
  "getAllByLabelText": [Function],
  "getAllByPlaceholderText": [Function],
  "getAllByRole": [Function],
  "getAllByTestId": [Function],
  "getAllByText": [Function],
  "getAllByTitle": [Function],
  "getByAltText": [Function],
  "getByDisplayValue": [Function],
  "getByLabelText": [Function],
  "getByPlaceholderText": [Function],
  "getByRole": [Function],
  "getByTestId": [Function],
  "getByText": [Function],
  "getByTitle": [Function],
  "queryAllByAltText": [Function],
  "queryAllByDisplayValue": [Function],
  "queryAllByLabelText": [Function],
  "queryAllByPlaceholderText": [Function],
  "queryAllByRole": [Function],
  "queryAllByTestId": [Function],
  "queryAllByText": [Function],
  "queryAllByTitle": [Function],
  "queryByAltText": [Function],
  "queryByDisplayValue": [Function],
  "queryByLabelText": [Function],
  "queryByPlaceholderText": [Function],
  "queryByRole": [Function],
  "queryByTestId": [Function],
  "queryByText": [Function],
  "queryByTitle": [Function],
  "rerender": [Function],
  "unmount": [Function],
}
`;
